
> server@1.0.0 build
> tsc -p tsconfig.json

src/controllers/venta.controller.ts(1,10): error TS2300: Duplicate identifier 'Request'.
src/controllers/venta.controller.ts(1,19): error TS2300: Duplicate identifier 'Response'.
src/controllers/venta.controller.ts(3,10): error TS2300: Duplicate identifier 'Request'.
src/controllers/venta.controller.ts(4,10): error TS2300: Duplicate identifier 'Response'.
